MATRIX ordinal=8
MATRIX command=/bin/bash deploy/tests/apple-container-test.sh
MATRIX start=2026-09-03T18:00:33.950741015Z
[INFO] Created /tmp/sub2api-apple-test.lNKJJ9/sub2api.env with generated secrets.
[INFO] Review the file, then run: SUB2API_ENV_FILE='/tmp/sub2api-apple-test.lNKJJ9/sub2api.env' /home/alvin/tokenstation3/.worktrees/upstream-sub2api-20260901-a2fb/deploy/apple-container.sh up
[INFO] Creating network sub2api-apple...
[INFO] Creating volume sub2api-apple-data...
[INFO] Creating volume sub2api-apple-postgres-data...
[INFO] Creating volume sub2api-apple-redis-data...
[INFO] Creating PostgreSQL container...
[INFO] Creating Redis container...
[INFO] Starting sub2api-apple-postgres...
[INFO] PostgreSQL is ready.
[INFO] Starting sub2api-apple-redis...
[INFO] Redis is ready.
[INFO] Creating Sub2API container...
[INFO] Starting sub2api-apple...
[INFO] Sub2API is ready.
[INFO] Sub2API host port is ready.
[INFO] Sub2API is available at http://127.0.0.1:8080
[INFO] Deleting sub2api-apple...
[INFO] Deleting sub2api-apple-redis...
[INFO] Deleting sub2api-apple-postgres...
[INFO] Creating PostgreSQL container...
[INFO] Creating Redis container...
[INFO] Starting sub2api-apple-postgres...
[INFO] PostgreSQL is ready.
[INFO] Starting sub2api-apple-redis...
[INFO] Redis is ready.
[INFO] Creating Sub2API container...
[INFO] Starting sub2api-apple...
[INFO] Sub2API is ready.
[INFO] Sub2API host port is ready.
[INFO] Sub2API is available at http://127.0.0.1:8080
[INFO] Stopping sub2api-apple...
[INFO] Stopping sub2api-apple-redis...
[INFO] Stopping sub2api-apple-postgres...
[INFO] Sub2API stack stopped; persistent volumes were preserved.
[INFO] Deleting sub2api-apple...
[INFO] Deleting sub2api-apple-redis...
[INFO] Deleting sub2api-apple-postgres...
[INFO] Deleting network sub2api-apple...
[INFO] Sub2API stack deleted; persistent volumes were preserved.
[INFO] Creating network sub2api-apple...
[INFO] Creating PostgreSQL container...
[INFO] Creating Redis container...
[INFO] Starting sub2api-apple-postgres...
[INFO] PostgreSQL is ready.
[INFO] Starting sub2api-apple-redis...
[INFO] Redis is ready.
[INFO] Creating Sub2API container...
[INFO] Starting sub2api-apple...
[INFO] Sub2API is ready.
[INFO] Sub2API host port is ready.
[INFO] Sub2API is available at http://127.0.0.1:8080
[INFO] Deleting sub2api-apple...
[INFO] Deleting sub2api-apple-redis...
[INFO] Deleting sub2api-apple-postgres...
[INFO] Deleting network sub2api-apple...
[INFO] Deleting volume sub2api-apple-data...
[INFO] Deleting volume sub2api-apple-redis-data...
[INFO] Deleting volume sub2api-apple-postgres-data...
[INFO] Sub2API stack and persistent data deleted.
Apple container lifecycle tests passed.
MATRIX end=2026-09-03T18:00:36.427883516Z
MATRIX exit=0
MATRIX summary=apple container lifecycle tests passed
